
   FAIL  Tests\Feature\MenuTest
  Γ¿» it loads the public meΓÇª 0.03s  
  Γ¿» it displays availableΓÇª  0.03s  
  Γ¿» it does not display unavailable menu items
  ΓöÇΓöÇΓöÇΓöÇΓöÇΓöÇΓöÇΓöÇΓöÇΓöÇΓöÇΓöÇΓöÇΓöÇΓöÇΓöÇΓöÇΓöÇΓöÇΓöÇΓöÇΓöÇΓöÇΓöÇΓöÇΓöÇΓöÇΓöÇΓöÇΓöÇΓöÇ  
   FAILEDΓÇª   ReflectionException   
  Call to undefined method PHPUnit\Framework\TestCase::get()

  at tests\Feature\MenuTest.php:9
      5Γûò use function Pest\Laravel\get;
      6Γûò 
      7Γûò it('loads the public menu page successfully', function () {
      8Γûò     // Act & Assert: Hit the route and expect a 200 OK status
  Γ₧£   9Γûò     get('/menu')->assertStatus(200);
     10Γûò });
     11Γûò 
     12Γûò it('displays available menu items on the menu page', function () {
     13Γûò     // Arrange: Create a category and an available menu item

  ΓöÇΓöÇΓöÇΓöÇΓöÇΓöÇΓöÇΓöÇΓöÇΓöÇΓöÇΓöÇΓöÇΓöÇΓöÇΓöÇΓöÇΓöÇΓöÇΓöÇΓöÇΓöÇΓöÇΓöÇΓöÇΓöÇΓöÇΓöÇΓöÇΓöÇΓöÇ  
   FAILED  Tests\FeatureΓÇª  Error   
  Call to a member function connection() on null

  at vendor\laravel\framework\src\Illuminate\Database\Eloquent\Model.php:1980
    1976Γûò      * @return \Illuminate\Database\Connection
    1977Γûò      */
    1978Γûò     public static function resolveConnection($connection = null)
    1979Γûò     {
  Γ₧£ 1980Γûò         return static::$resolver->connection($connection);
    1981Γûò     }
    1982Γûò 
    1983Γûò     /**
    1984Γûò      * Get the connection resolver instance.

  1   vendor\laravel\framework\src\Illuminate\Database\Eloquent\Model.php:1980
  2   vendor\laravel\framework\src\Illuminate\Database\Eloquent\Model.php:1946

  ΓöÇΓöÇΓöÇΓöÇΓöÇΓöÇΓöÇΓöÇΓöÇΓöÇΓöÇΓöÇΓöÇΓöÇΓöÇΓöÇΓöÇΓöÇΓöÇΓöÇΓöÇΓöÇΓöÇΓöÇΓöÇΓöÇΓöÇΓöÇΓöÇΓöÇΓöÇ  
   FAILED  Tests\FeatureΓÇª  Error   
  Call to a member function connection() on null

  at vendor\laravel\framework\src\Illuminate\Database\Eloquent\Model.php:1980
    1976Γûò      * @return \Illuminate\Database\Connection
    1977Γûò      */
    1978Γûò     public static function resolveConnection($connection = null)
    1979Γûò     {
  Γ₧£ 1980Γûò         return static::$resolver->connection($connection);
    1981Γûò     }
    1982Γûò 
    1983Γûò     /**
    1984Γûò      * Get the connection resolver instance.

  1   vendor\laravel\framework\src\Illuminate\Database\Eloquent\Model.php:1980
  2   vendor\laravel\framework\src\Illuminate\Database\Eloquent\Model.php:1946


  Tests:    3 failed (0 assertions)
  Duration: 0.24s

